V3 3
FL "//vmware-host/shared folders/Codigos/ProyectoTD1/Proceso_data/control_matriz.vhd" 2021/12/01.00:25:51 M.81d
EN work/Control_matriz 1638329158 \
      FL "//vmware-host/shared folders/Codigos/ProyectoTD1/Proceso_data/control_matriz.vhd" \
      PB ieee/std_logic_1164 1290154108 PB ieee/STD_LOGIC_UNSIGNED 1290154110
AR work/Control_matriz/Behavioral 1638329159 \
      FL "//vmware-host/shared folders/Codigos/ProyectoTD1/Proceso_data/control_matriz.vhd" \
      EN work/Control_matriz 1638329158
