--------------------------------------------------------------------------------
Release 12.4 Trace  (nt)
Copyright (c) 1995-2010 Xilinx, Inc.  All rights reserved.

C:\Xilinx\12.4\ISE_DS\ISE\bin\nt\unwrapped\trce.exe -intstyle ise -v 3 -s 4 -n
3 -fastpaths -xml Control_matriz.twx Control_matriz.ncd -o Control_matriz.twr
Control_matriz.pcf -ucf pines.ucf

Design file:              Control_matriz.ncd
Physical constraint file: Control_matriz.pcf
Device,package,speed:     xc3s500e,fg320,-4 (PRODUCTION 1.27 2010-11-18)
Report level:             verbose report

Environment Variable      Effect 
--------------------      ------ 
NONE                      No environment variables were set
--------------------------------------------------------------------------------

INFO:Timing:2752 - To get complete path coverage, use the unconstrained paths 
   option. All paths that are not constrained will be reported in the 
   unconstrained paths section(s) of the report.
INFO:Timing:3339 - The clock-to-out numbers in this timing report are based on 
   a 50 Ohm transmission line loading model.  For the details of this model, 
   and for more information on accounting for different loading conditions, 
   please see the device datasheet.
INFO:Timing:3390 - This architecture does not support a default System Jitter 
   value, please add SYSTEM_JITTER constraint to the UCF to modify the Clock 
   Uncertainty calculation.
INFO:Timing:3389 - This architecture does not support 'Discrete Jitter' and 
   'Phase Error' calculations, these terms will be zero in the Clock 
   Uncertainty calculation.  Please make appropriate modification to 
   SYSTEM_JITTER to account for the unsupported Discrete Jitter and Phase 
   Error.

================================================================================
Timing constraint: NET "CLK_50MHz_BUFGP/IBUFG" PERIOD = 20 ns HIGH 40%;

 561 paths analyzed, 80 endpoints analyzed, 0 failing endpoints
 0 timing errors detected. (0 setup errors, 0 hold errors, 0 component switching limit errors)
 Minimum period is   4.956ns.
--------------------------------------------------------------------------------

Paths for end point TIMER_31 (SLICE_X45Y76.CIN), 30 paths
--------------------------------------------------------------------------------
Slack (setup path):     15.044ns (requirement - (data path - clock path skew + uncertainty))
  Source:               TIMER_0 (FF)
  Destination:          TIMER_31 (FF)
  Requirement:          20.000ns
  Data Path Delay:      4.956ns (Levels of Logic = 16)
  Clock Path Skew:      0.000ns
  Source Clock:         CLK_50MHz_BUFGP rising at 0.000ns
  Destination Clock:    CLK_50MHz_BUFGP rising at 20.000ns
  Clock Uncertainty:    0.000ns

  Maximum Data Path: TIMER_0 to TIMER_31
    Location             Delay type         Delay(ns)  Physical Resource
                                                       Logical Resource(s)
    -------------------------------------------------  -------------------
    SLICE_X45Y61.XQ      Tcko                  0.591   TIMER<0>
                                                       TIMER_0
    SLICE_X45Y61.F1      net (fanout=2)        0.549   TIMER<0>
    SLICE_X45Y61.COUT    Topcyf                1.162   TIMER<0>
                                                       TIMER<0>_rt
                                                       Mcount_TIMER_cy<0>
                                                       Mcount_TIMER_cy<1>
    SLICE_X45Y62.CIN     net (fanout=1)        0.000   Mcount_TIMER_cy<1>
    SLICE_X45Y62.COUT    Tbyp                  0.118   TIMER<2>
                                                       Mcount_TIMER_cy<2>
                                                       Mcount_TIMER_cy<3>
    SLICE_X45Y63.CIN     net (fanout=1)        0.000   Mcount_TIMER_cy<3>
    SLICE_X45Y63.COUT    Tbyp                  0.118   TIMER<4>
                                                       Mcount_TIMER_cy<4>
                                                       Mcount_TIMER_cy<5>
    SLICE_X45Y64.CIN     net (fanout=1)        0.000   Mcount_TIMER_cy<5>
    SLICE_X45Y64.COUT    Tbyp                  0.118   TIMER<6>
                                                       Mcount_TIMER_cy<6>
                                                       Mcount_TIMER_cy<7>
    SLICE_X45Y65.CIN     net (fanout=1)        0.000   Mcount_TIMER_cy<7>
    SLICE_X45Y65.COUT    Tbyp                  0.118   TIMER<8>
                                                       Mcount_TIMER_cy<8>
                                                       Mcount_TIMER_cy<9>
    SLICE_X45Y66.CIN     net (fanout=1)        0.000   Mcount_TIMER_cy<9>
    SLICE_X45Y66.COUT    Tbyp                  0.118   TIMER<10>
                                                       Mcount_TIMER_cy<10>
                                                       Mcount_TIMER_cy<11>
    SLICE_X45Y67.CIN     net (fanout=1)        0.000   Mcount_TIMER_cy<11>
    SLICE_X45Y67.COUT    Tbyp                  0.118   TIMER<12>
                                                       Mcount_TIMER_cy<12>
                                                       Mcount_TIMER_cy<13>
    SLICE_X45Y68.CIN     net (fanout=1)        0.000   Mcount_TIMER_cy<13>
    SLICE_X45Y68.COUT    Tbyp                  0.118   TIMER<14>
                                                       Mcount_TIMER_cy<14>
                                                       Mcount_TIMER_cy<15>
    SLICE_X45Y69.CIN     net (fanout=1)        0.000   Mcount_TIMER_cy<15>
    SLICE_X45Y69.COUT    Tbyp                  0.118   TIMER<16>
                                                       Mcount_TIMER_cy<16>
                                                       Mcount_TIMER_cy<17>
    SLICE_X45Y70.CIN     net (fanout=1)        0.000   Mcount_TIMER_cy<17>
    SLICE_X45Y70.COUT    Tbyp                  0.118   TIMER<18>
                                                       Mcount_TIMER_cy<18>
                                                       Mcount_TIMER_cy<19>
    SLICE_X45Y71.CIN     net (fanout=1)        0.000   Mcount_TIMER_cy<19>
    SLICE_X45Y71.COUT    Tbyp                  0.118   TIMER<20>
                                                       Mcount_TIMER_cy<20>
                                                       Mcount_TIMER_cy<21>
    SLICE_X45Y72.CIN     net (fanout=1)        0.000   Mcount_TIMER_cy<21>
    SLICE_X45Y72.COUT    Tbyp                  0.118   TIMER<22>
                                                       Mcount_TIMER_cy<22>
                                                       Mcount_TIMER_cy<23>
    SLICE_X45Y73.CIN     net (fanout=1)        0.000   Mcount_TIMER_cy<23>
    SLICE_X45Y73.COUT    Tbyp                  0.118   TIMER<24>
                                                       Mcount_TIMER_cy<24>
                                                       Mcount_TIMER_cy<25>
    SLICE_X45Y74.CIN     net (fanout=1)        0.000   Mcount_TIMER_cy<25>
    SLICE_X45Y74.COUT    Tbyp                  0.118   TIMER<26>
                                                       Mcount_TIMER_cy<26>
                                                       Mcount_TIMER_cy<27>
    SLICE_X45Y75.CIN     net (fanout=1)        0.000   Mcount_TIMER_cy<27>
    SLICE_X45Y75.COUT    Tbyp                  0.118   TIMER<28>
                                                       Mcount_TIMER_cy<28>
                                                       Mcount_TIMER_cy<29>
    SLICE_X45Y76.CIN     net (fanout=1)        0.000   Mcount_TIMER_cy<29>
    SLICE_X45Y76.CLK     Tcinck                1.002   TIMER<30>
                                                       Mcount_TIMER_cy<30>
                                                       Mcount_TIMER_xor<31>
                                                       TIMER_31
    -------------------------------------------------  ---------------------------
    Total                                      4.956ns (4.407ns logic, 0.549ns route)
                                                       (88.9% logic, 11.1% route)

--------------------------------------------------------------------------------
Slack (setup path):     15.162ns (requirement - (data path - clock path skew + uncertainty))
  Source:               TIMER_2 (FF)
  Destination:          TIMER_31 (FF)
  Requirement:          20.000ns
  Data Path Delay:      4.838ns (Levels of Logic = 15)
  Clock Path Skew:      0.000ns
  Source Clock:         CLK_50MHz_BUFGP rising at 0.000ns
  Destination Clock:    CLK_50MHz_BUFGP rising at 20.000ns
  Clock Uncertainty:    0.000ns

  Maximum Data Path: TIMER_2 to TIMER_31
    Location             Delay type         Delay(ns)  Physical Resource
                                                       Logical Resource(s)
    -------------------------------------------------  -------------------
    SLICE_X45Y62.XQ      Tcko                  0.591   TIMER<2>
                                                       TIMER_2
    SLICE_X45Y62.F1      net (fanout=2)        0.549   TIMER<2>
    SLICE_X45Y62.COUT    Topcyf                1.162   TIMER<2>
                                                       Mcount_TIMER_lut<2>_INV_0
                                                       Mcount_TIMER_cy<2>
                                                       Mcount_TIMER_cy<3>
    SLICE_X45Y63.CIN     net (fanout=1)        0.000   Mcount_TIMER_cy<3>
    SLICE_X45Y63.COUT    Tbyp                  0.118   TIMER<4>
                                                       Mcount_TIMER_cy<4>
                                                       Mcount_TIMER_cy<5>
    SLICE_X45Y64.CIN     net (fanout=1)        0.000   Mcount_TIMER_cy<5>
    SLICE_X45Y64.COUT    Tbyp                  0.118   TIMER<6>
                                                       Mcount_TIMER_cy<6>
                                                       Mcount_TIMER_cy<7>
    SLICE_X45Y65.CIN     net (fanout=1)        0.000   Mcount_TIMER_cy<7>
    SLICE_X45Y65.COUT    Tbyp                  0.118   TIMER<8>
                                                       Mcount_TIMER_cy<8>
                                                       Mcount_TIMER_cy<9>
    SLICE_X45Y66.CIN     net (fanout=1)        0.000   Mcount_TIMER_cy<9>
    SLICE_X45Y66.COUT    Tbyp                  0.118   TIMER<10>
                                                       Mcount_TIMER_cy<10>
                                                       Mcount_TIMER_cy<11>
    SLICE_X45Y67.CIN     net (fanout=1)        0.000   Mcount_TIMER_cy<11>
    SLICE_X45Y67.COUT    Tbyp                  0.118   TIMER<12>
                                                       Mcount_TIMER_cy<12>
                                                       Mcount_TIMER_cy<13>
    SLICE_X45Y68.CIN     net (fanout=1)        0.000   Mcount_TIMER_cy<13>
    SLICE_X45Y68.COUT    Tbyp                  0.118   TIMER<14>
                                                       Mcount_TIMER_cy<14>
                                                       Mcount_TIMER_cy<15>
    SLICE_X45Y69.CIN     net (fanout=1)        0.000   Mcount_TIMER_cy<15>
    SLICE_X45Y69.COUT    Tbyp                  0.118   TIMER<16>
                                                       Mcount_TIMER_cy<16>
                                                       Mcount_TIMER_cy<17>
    SLICE_X45Y70.CIN     net (fanout=1)        0.000   Mcount_TIMER_cy<17>
    SLICE_X45Y70.COUT    Tbyp                  0.118   TIMER<18>
                                                       Mcount_TIMER_cy<18>
                                                       Mcount_TIMER_cy<19>
    SLICE_X45Y71.CIN     net (fanout=1)        0.000   Mcount_TIMER_cy<19>
    SLICE_X45Y71.COUT    Tbyp                  0.118   TIMER<20>
                                                       Mcount_TIMER_cy<20>
                                                       Mcount_TIMER_cy<21>
    SLICE_X45Y72.CIN     net (fanout=1)        0.000   Mcount_TIMER_cy<21>
    SLICE_X45Y72.COUT    Tbyp                  0.118   TIMER<22>
                                                       Mcount_TIMER_cy<22>
                                                       Mcount_TIMER_cy<23>
    SLICE_X45Y73.CIN     net (fanout=1)        0.000   Mcount_TIMER_cy<23>
    SLICE_X45Y73.COUT    Tbyp                  0.118   TIMER<24>
                                                       Mcount_TIMER_cy<24>
                                                       Mcount_TIMER_cy<25>
    SLICE_X45Y74.CIN     net (fanout=1)        0.000   Mcount_TIMER_cy<25>
    SLICE_X45Y74.COUT    Tbyp                  0.118   TIMER<26>
                                                       Mcount_TIMER_cy<26>
                                                       Mcount_TIMER_cy<27>
    SLICE_X45Y75.CIN     net (fanout=1)        0.000   Mcount_TIMER_cy<27>
    SLICE_X45Y75.COUT    Tbyp                  0.118   TIMER<28>
                                                       Mcount_TIMER_cy<28>
                                                       Mcount_TIMER_cy<29>
    SLICE_X45Y76.CIN     net (fanout=1)        0.000   Mcount_TIMER_cy<29>
    SLICE_X45Y76.CLK     Tcinck                1.002   TIMER<30>
                                                       Mcount_TIMER_cy<30>
                                                       Mcount_TIMER_xor<31>
                                                       TIMER_31
    -------------------------------------------------  ---------------------------
    Total                                      4.838ns (4.289ns logic, 0.549ns route)
                                                       (88.7% logic, 11.3% route)

--------------------------------------------------------------------------------
Slack (setup path):     15.321ns (requirement - (data path - clock path skew + uncertainty))
  Source:               TIMER_4 (FF)
  Destination:          TIMER_31 (FF)
  Requirement:          20.000ns
  Data Path Delay:      4.679ns (Levels of Logic = 14)
  Clock Path Skew:      0.000ns
  Source Clock:         CLK_50MHz_BUFGP rising at 0.000ns
  Destination Clock:    CLK_50MHz_BUFGP rising at 20.000ns
  Clock Uncertainty:    0.000ns

  Maximum Data Path: TIMER_4 to TIMER_31
    Location             Delay type         Delay(ns)  Physical Resource
                                                       Logical Resource(s)
    -------------------------------------------------  -------------------
    SLICE_X45Y63.XQ      Tcko                  0.591   TIMER<4>
                                                       TIMER_4
    SLICE_X45Y63.F2      net (fanout=2)        0.508   TIMER<4>
    SLICE_X45Y63.COUT    Topcyf                1.162   TIMER<4>
                                                       Mcount_TIMER_lut<4>_INV_0
                                                       Mcount_TIMER_cy<4>
                                                       Mcount_TIMER_cy<5>
    SLICE_X45Y64.CIN     net (fanout=1)        0.000   Mcount_TIMER_cy<5>
    SLICE_X45Y64.COUT    Tbyp                  0.118   TIMER<6>
                                                       Mcount_TIMER_cy<6>
                                                       Mcount_TIMER_cy<7>
    SLICE_X45Y65.CIN     net (fanout=1)        0.000   Mcount_TIMER_cy<7>
    SLICE_X45Y65.COUT    Tbyp                  0.118   TIMER<8>
                                                       Mcount_TIMER_cy<8>
                                                       Mcount_TIMER_cy<9>
    SLICE_X45Y66.CIN     net (fanout=1)        0.000   Mcount_TIMER_cy<9>
    SLICE_X45Y66.COUT    Tbyp                  0.118   TIMER<10>
                                                       Mcount_TIMER_cy<10>
                                                       Mcount_TIMER_cy<11>
    SLICE_X45Y67.CIN     net (fanout=1)        0.000   Mcount_TIMER_cy<11>
    SLICE_X45Y67.COUT    Tbyp                  0.118   TIMER<12>
                                                       Mcount_TIMER_cy<12>
                                                       Mcount_TIMER_cy<13>
    SLICE_X45Y68.CIN     net (fanout=1)        0.000   Mcount_TIMER_cy<13>
    SLICE_X45Y68.COUT    Tbyp                  0.118   TIMER<14>
                                                       Mcount_TIMER_cy<14>
                                                       Mcount_TIMER_cy<15>
    SLICE_X45Y69.CIN     net (fanout=1)        0.000   Mcount_TIMER_cy<15>
    SLICE_X45Y69.COUT    Tbyp                  0.118   TIMER<16>
                                                       Mcount_TIMER_cy<16>
                                                       Mcount_TIMER_cy<17>
    SLICE_X45Y70.CIN     net (fanout=1)        0.000   Mcount_TIMER_cy<17>
    SLICE_X45Y70.COUT    Tbyp                  0.118   TIMER<18>
                                                       Mcount_TIMER_cy<18>
                                                       Mcount_TIMER_cy<19>
    SLICE_X45Y71.CIN     net (fanout=1)        0.000   Mcount_TIMER_cy<19>
    SLICE_X45Y71.COUT    Tbyp                  0.118   TIMER<20>
                                                       Mcount_TIMER_cy<20>
                                                       Mcount_TIMER_cy<21>
    SLICE_X45Y72.CIN     net (fanout=1)        0.000   Mcount_TIMER_cy<21>
    SLICE_X45Y72.COUT    Tbyp                  0.118   TIMER<22>
                                                       Mcount_TIMER_cy<22>
                                                       Mcount_TIMER_cy<23>
    SLICE_X45Y73.CIN     net (fanout=1)        0.000   Mcount_TIMER_cy<23>
    SLICE_X45Y73.COUT    Tbyp                  0.118   TIMER<24>
                                                       Mcount_TIMER_cy<24>
                                                       Mcount_TIMER_cy<25>
    SLICE_X45Y74.CIN     net (fanout=1)        0.000   Mcount_TIMER_cy<25>
    SLICE_X45Y74.COUT    Tbyp                  0.118   TIMER<26>
                                                       Mcount_TIMER_cy<26>
                                                       Mcount_TIMER_cy<27>
    SLICE_X45Y75.CIN     net (fanout=1)        0.000   Mcount_TIMER_cy<27>
    SLICE_X45Y75.COUT    Tbyp                  0.118   TIMER<28>
                                                       Mcount_TIMER_cy<28>
                                                       Mcount_TIMER_cy<29>
    SLICE_X45Y76.CIN     net (fanout=1)        0.000   Mcount_TIMER_cy<29>
    SLICE_X45Y76.CLK     Tcinck                1.002   TIMER<30>
                                                       Mcount_TIMER_cy<30>
                                                       Mcount_TIMER_xor<31>
                                                       TIMER_31
    -------------------------------------------------  ---------------------------
    Total                                      4.679ns (4.171ns logic, 0.508ns route)
                                                       (89.1% logic, 10.9% route)

--------------------------------------------------------------------------------

Paths for end point TIMER_29 (SLICE_X45Y75.CIN), 28 paths
--------------------------------------------------------------------------------
Slack (setup path):     15.162ns (requirement - (data path - clock path skew + uncertainty))
  Source:               TIMER_0 (FF)
  Destination:          TIMER_29 (FF)
  Requirement:          20.000ns
  Data Path Delay:      4.838ns (Levels of Logic = 15)
  Clock Path Skew:      0.000ns
  Source Clock:         CLK_50MHz_BUFGP rising at 0.000ns
  Destination Clock:    CLK_50MHz_BUFGP rising at 20.000ns
  Clock Uncertainty:    0.000ns

  Maximum Data Path: TIMER_0 to TIMER_29
    Location             Delay type         Delay(ns)  Physical Resource
                                                       Logical Resource(s)
    -------------------------------------------------  -------------------
    SLICE_X45Y61.XQ      Tcko                  0.591   TIMER<0>
                                                       TIMER_0
    SLICE_X45Y61.F1      net (fanout=2)        0.549   TIMER<0>
    SLICE_X45Y61.COUT    Topcyf                1.162   TIMER<0>
                                                       TIMER<0>_rt
                                                       Mcount_TIMER_cy<0>
                                                       Mcount_TIMER_cy<1>
    SLICE_X45Y62.CIN     net (fanout=1)        0.000   Mcount_TIMER_cy<1>
    SLICE_X45Y62.COUT    Tbyp                  0.118   TIMER<2>
                                                       Mcount_TIMER_cy<2>
                                                       Mcount_TIMER_cy<3>
    SLICE_X45Y63.CIN     net (fanout=1)        0.000   Mcount_TIMER_cy<3>
    SLICE_X45Y63.COUT    Tbyp                  0.118   TIMER<4>
                                                       Mcount_TIMER_cy<4>
                                                       Mcount_TIMER_cy<5>
    SLICE_X45Y64.CIN     net (fanout=1)        0.000   Mcount_TIMER_cy<5>
    SLICE_X45Y64.COUT    Tbyp                  0.118   TIMER<6>
                                                       Mcount_TIMER_cy<6>
                                                       Mcount_TIMER_cy<7>
    SLICE_X45Y65.CIN     net (fanout=1)        0.000   Mcount_TIMER_cy<7>
    SLICE_X45Y65.COUT    Tbyp                  0.118   TIMER<8>
                                                       Mcount_TIMER_cy<8>
                                                       Mcount_TIMER_cy<9>
    SLICE_X45Y66.CIN     net (fanout=1)        0.000   Mcount_TIMER_cy<9>
    SLICE_X45Y66.COUT    Tbyp                  0.118   TIMER<10>
                                                       Mcount_TIMER_cy<10>
                                                       Mcount_TIMER_cy<11>
    SLICE_X45Y67.CIN     net (fanout=1)        0.000   Mcount_TIMER_cy<11>
    SLICE_X45Y67.COUT    Tbyp                  0.118   TIMER<12>
                                                       Mcount_TIMER_cy<12>
                                                       Mcount_TIMER_cy<13>
    SLICE_X45Y68.CIN     net (fanout=1)        0.000   Mcount_TIMER_cy<13>
    SLICE_X45Y68.COUT    Tbyp                  0.118   TIMER<14>
                                                       Mcount_TIMER_cy<14>
                                                       Mcount_TIMER_cy<15>
    SLICE_X45Y69.CIN     net (fanout=1)        0.000   Mcount_TIMER_cy<15>
    SLICE_X45Y69.COUT    Tbyp                  0.118   TIMER<16>
                                                       Mcount_TIMER_cy<16>
                                                       Mcount_TIMER_cy<17>
    SLICE_X45Y70.CIN     net (fanout=1)        0.000   Mcount_TIMER_cy<17>
    SLICE_X45Y70.COUT    Tbyp                  0.118   TIMER<18>
                                                       Mcount_TIMER_cy<18>
                                                       Mcount_TIMER_cy<19>
    SLICE_X45Y71.CIN     net (fanout=1)        0.000   Mcount_TIMER_cy<19>
    SLICE_X45Y71.COUT    Tbyp                  0.118   TIMER<20>
                                                       Mcount_TIMER_cy<20>
                                                       Mcount_TIMER_cy<21>
    SLICE_X45Y72.CIN     net (fanout=1)        0.000   Mcount_TIMER_cy<21>
    SLICE_X45Y72.COUT    Tbyp                  0.118   TIMER<22>
                                                       Mcount_TIMER_cy<22>
                                                       Mcount_TIMER_cy<23>
    SLICE_X45Y73.CIN     net (fanout=1)        0.000   Mcount_TIMER_cy<23>
    SLICE_X45Y73.COUT    Tbyp                  0.118   TIMER<24>
                                                       Mcount_TIMER_cy<24>
                                                       Mcount_TIMER_cy<25>
    SLICE_X45Y74.CIN     net (fanout=1)        0.000   Mcount_TIMER_cy<25>
    SLICE_X45Y74.COUT    Tbyp                  0.118   TIMER<26>
                                                       Mcount_TIMER_cy<26>
                                                       Mcount_TIMER_cy<27>
    SLICE_X45Y75.CIN     net (fanout=1)        0.000   Mcount_TIMER_cy<27>
    SLICE_X45Y75.CLK     Tcinck                1.002   TIMER<28>
                                                       Mcount_TIMER_cy<28>
                                                       Mcount_TIMER_xor<29>
                                                       TIMER_29
    -------------------------------------------------  ---------------------------
    Total                                      4.838ns (4.289ns logic, 0.549ns route)
                                                       (88.7% logic, 11.3% route)

--------------------------------------------------------------------------------
Slack (setup path):     15.280ns (requirement - (data path - clock path skew + uncertainty))
  Source:               TIMER_2 (FF)
  Destination:          TIMER_29 (FF)
  Requirement:          20.000ns
  Data Path Delay:      4.720ns (Levels of Logic = 14)
  Clock Path Skew:      0.000ns
  Source Clock:         CLK_50MHz_BUFGP rising at 0.000ns
  Destination Clock:    CLK_50MHz_BUFGP rising at 20.000ns
  Clock Uncertainty:    0.000ns

  Maximum Data Path: TIMER_2 to TIMER_29
    Location             Delay type         Delay(ns)  Physical Resource
                                                       Logical Resource(s)
    -------------------------------------------------  -------------------
    SLICE_X45Y62.XQ      Tcko                  0.591   TIMER<2>
                                                       TIMER_2
    SLICE_X45Y62.F1      net (fanout=2)        0.549   TIMER<2>
    SLICE_X45Y62.COUT    Topcyf                1.162   TIMER<2>
                                                       Mcount_TIMER_lut<2>_INV_0
                                                       Mcount_TIMER_cy<2>
                                                       Mcount_TIMER_cy<3>
    SLICE_X45Y63.CIN     net (fanout=1)        0.000   Mcount_TIMER_cy<3>
    SLICE_X45Y63.COUT    Tbyp                  0.118   TIMER<4>
                                                       Mcount_TIMER_cy<4>
                                                       Mcount_TIMER_cy<5>
    SLICE_X45Y64.CIN     net (fanout=1)        0.000   Mcount_TIMER_cy<5>
    SLICE_X45Y64.COUT    Tbyp                  0.118   TIMER<6>
                                                       Mcount_TIMER_cy<6>
                                                       Mcount_TIMER_cy<7>
    SLICE_X45Y65.CIN     net (fanout=1)        0.000   Mcount_TIMER_cy<7>
    SLICE_X45Y65.COUT    Tbyp                  0.118   TIMER<8>
                                                       Mcount_TIMER_cy<8>
                                                       Mcount_TIMER_cy<9>
    SLICE_X45Y66.CIN     net (fanout=1)        0.000   Mcount_TIMER_cy<9>
    SLICE_X45Y66.COUT    Tbyp                  0.118   TIMER<10>
                                                       Mcount_TIMER_cy<10>
                                                       Mcount_TIMER_cy<11>
    SLICE_X45Y67.CIN     net (fanout=1)        0.000   Mcount_TIMER_cy<11>
    SLICE_X45Y67.COUT    Tbyp                  0.118   TIMER<12>
                                                       Mcount_TIMER_cy<12>
                                                       Mcount_TIMER_cy<13>
    SLICE_X45Y68.CIN     net (fanout=1)        0.000   Mcount_TIMER_cy<13>
    SLICE_X45Y68.COUT    Tbyp                  0.118   TIMER<14>
                                                       Mcount_TIMER_cy<14>
                                                       Mcount_TIMER_cy<15>
    SLICE_X45Y69.CIN     net (fanout=1)        0.000   Mcount_TIMER_cy<15>
    SLICE_X45Y69.COUT    Tbyp                  0.118   TIMER<16>
                                                       Mcount_TIMER_cy<16>
                                                       Mcount_TIMER_cy<17>
    SLICE_X45Y70.CIN     net (fanout=1)        0.000   Mcount_TIMER_cy<17>
    SLICE_X45Y70.COUT    Tbyp                  0.118   TIMER<18>
                                                       Mcount_TIMER_cy<18>
                                                       Mcount_TIMER_cy<19>
    SLICE_X45Y71.CIN     net (fanout=1)        0.000   Mcount_TIMER_cy<19>
    SLICE_X45Y71.COUT    Tbyp                  0.118   TIMER<20>
                                                       Mcount_TIMER_cy<20>
                                                       Mcount_TIMER_cy<21>
    SLICE_X45Y72.CIN     net (fanout=1)        0.000   Mcount_TIMER_cy<21>
    SLICE_X45Y72.COUT    Tbyp                  0.118   TIMER<22>
                                                       Mcount_TIMER_cy<22>
                                                       Mcount_TIMER_cy<23>
    SLICE_X45Y73.CIN     net (fanout=1)        0.000   Mcount_TIMER_cy<23>
    SLICE_X45Y73.COUT    Tbyp                  0.118   TIMER<24>
                                                       Mcount_TIMER_cy<24>
                                                       Mcount_TIMER_cy<25>
    SLICE_X45Y74.CIN     net (fanout=1)        0.000   Mcount_TIMER_cy<25>
    SLICE_X45Y74.COUT    Tbyp                  0.118   TIMER<26>
                                                       Mcount_TIMER_cy<26>
                                                       Mcount_TIMER_cy<27>
    SLICE_X45Y75.CIN     net (fanout=1)        0.000   Mcount_TIMER_cy<27>
    SLICE_X45Y75.CLK     Tcinck                1.002   TIMER<28>
                                                       Mcount_TIMER_cy<28>
                                                       Mcount_TIMER_xor<29>
                                                       TIMER_29
    -------------------------------------------------  ---------------------------
    Total                                      4.720ns (4.171ns logic, 0.549ns route)
                                                       (88.4% logic, 11.6% route)

--------------------------------------------------------------------------------
Slack (setup path):     15.439ns (requirement - (data path - clock path skew + uncertainty))
  Source:               TIMER_4 (FF)
  Destination:          TIMER_29 (FF)
  Requirement:          20.000ns
  Data Path Delay:      4.561ns (Levels of Logic = 13)
  Clock Path Skew:      0.000ns
  Source Clock:         CLK_50MHz_BUFGP rising at 0.000ns
  Destination Clock:    CLK_50MHz_BUFGP rising at 20.000ns
  Clock Uncertainty:    0.000ns

  Maximum Data Path: TIMER_4 to TIMER_29
    Location             Delay type         Delay(ns)  Physical Resource
                                                       Logical Resource(s)
    -------------------------------------------------  -------------------
    SLICE_X45Y63.XQ      Tcko                  0.591   TIMER<4>
                                                       TIMER_4
    SLICE_X45Y63.F2      net (fanout=2)        0.508   TIMER<4>
    SLICE_X45Y63.COUT    Topcyf                1.162   TIMER<4>
                                                       Mcount_TIMER_lut<4>_INV_0
                                                       Mcount_TIMER_cy<4>
                                                       Mcount_TIMER_cy<5>
    SLICE_X45Y64.CIN     net (fanout=1)        0.000   Mcount_TIMER_cy<5>
    SLICE_X45Y64.COUT    Tbyp                  0.118   TIMER<6>
                                                       Mcount_TIMER_cy<6>
                                                       Mcount_TIMER_cy<7>
    SLICE_X45Y65.CIN     net (fanout=1)        0.000   Mcount_TIMER_cy<7>
    SLICE_X45Y65.COUT    Tbyp                  0.118   TIMER<8>
                                                       Mcount_TIMER_cy<8>
                                                       Mcount_TIMER_cy<9>
    SLICE_X45Y66.CIN     net (fanout=1)        0.000   Mcount_TIMER_cy<9>
    SLICE_X45Y66.COUT    Tbyp                  0.118   TIMER<10>
                                                       Mcount_TIMER_cy<10>
                                                       Mcount_TIMER_cy<11>
    SLICE_X45Y67.CIN     net (fanout=1)        0.000   Mcount_TIMER_cy<11>
    SLICE_X45Y67.COUT    Tbyp                  0.118   TIMER<12>
                                                       Mcount_TIMER_cy<12>
                                                       Mcount_TIMER_cy<13>
    SLICE_X45Y68.CIN     net (fanout=1)        0.000   Mcount_TIMER_cy<13>
    SLICE_X45Y68.COUT    Tbyp                  0.118   TIMER<14>
                                                       Mcount_TIMER_cy<14>
                                                       Mcount_TIMER_cy<15>
    SLICE_X45Y69.CIN     net (fanout=1)        0.000   Mcount_TIMER_cy<15>
    SLICE_X45Y69.COUT    Tbyp                  0.118   TIMER<16>
                                                       Mcount_TIMER_cy<16>
                                                       Mcount_TIMER_cy<17>
    SLICE_X45Y70.CIN     net (fanout=1)        0.000   Mcount_TIMER_cy<17>
    SLICE_X45Y70.COUT    Tbyp                  0.118   TIMER<18>
                                                       Mcount_TIMER_cy<18>
                                                       Mcount_TIMER_cy<19>
    SLICE_X45Y71.CIN     net (fanout=1)        0.000   Mcount_TIMER_cy<19>
    SLICE_X45Y71.COUT    Tbyp                  0.118   TIMER<20>
                                                       Mcount_TIMER_cy<20>
                                                       Mcount_TIMER_cy<21>
    SLICE_X45Y72.CIN     net (fanout=1)        0.000   Mcount_TIMER_cy<21>
    SLICE_X45Y72.COUT    Tbyp                  0.118   TIMER<22>
                                                       Mcount_TIMER_cy<22>
                                                       Mcount_TIMER_cy<23>
    SLICE_X45Y73.CIN     net (fanout=1)        0.000   Mcount_TIMER_cy<23>
    SLICE_X45Y73.COUT    Tbyp                  0.118   TIMER<24>
                                                       Mcount_TIMER_cy<24>
                                                       Mcount_TIMER_cy<25>
    SLICE_X45Y74.CIN     net (fanout=1)        0.000   Mcount_TIMER_cy<25>
    SLICE_X45Y74.COUT    Tbyp                  0.118   TIMER<26>
                                                       Mcount_TIMER_cy<26>
                                                       Mcount_TIMER_cy<27>
    SLICE_X45Y75.CIN     net (fanout=1)        0.000   Mcount_TIMER_cy<27>
    SLICE_X45Y75.CLK     Tcinck                1.002   TIMER<28>
                                                       Mcount_TIMER_cy<28>
                                                       Mcount_TIMER_xor<29>
                                                       TIMER_29
    -------------------------------------------------  ---------------------------
    Total                                      4.561ns (4.053ns logic, 0.508ns route)
                                                       (88.9% logic, 11.1% route)

--------------------------------------------------------------------------------

Paths for end point TIMER_27 (SLICE_X45Y74.CIN), 26 paths
--------------------------------------------------------------------------------
Slack (setup path):     15.280ns (requirement - (data path - clock path skew + uncertainty))
  Source:               TIMER_0 (FF)
  Destination:          TIMER_27 (FF)
  Requirement:          20.000ns
  Data Path Delay:      4.720ns (Levels of Logic = 14)
  Clock Path Skew:      0.000ns
  Source Clock:         CLK_50MHz_BUFGP rising at 0.000ns
  Destination Clock:    CLK_50MHz_BUFGP rising at 20.000ns
  Clock Uncertainty:    0.000ns

  Maximum Data Path: TIMER_0 to TIMER_27
    Location             Delay type         Delay(ns)  Physical Resource
                                                       Logical Resource(s)
    -------------------------------------------------  -------------------
    SLICE_X45Y61.XQ      Tcko                  0.591   TIMER<0>
                                                       TIMER_0
    SLICE_X45Y61.F1      net (fanout=2)        0.549   TIMER<0>
    SLICE_X45Y61.COUT    Topcyf                1.162   TIMER<0>
                                                       TIMER<0>_rt
                                                       Mcount_TIMER_cy<0>
                                                       Mcount_TIMER_cy<1>
    SLICE_X45Y62.CIN     net (fanout=1)        0.000   Mcount_TIMER_cy<1>
    SLICE_X45Y62.COUT    Tbyp                  0.118   TIMER<2>
                                                       Mcount_TIMER_cy<2>
                                                       Mcount_TIMER_cy<3>
    SLICE_X45Y63.CIN     net (fanout=1)        0.000   Mcount_TIMER_cy<3>
    SLICE_X45Y63.COUT    Tbyp                  0.118   TIMER<4>
                                                       Mcount_TIMER_cy<4>
                                                       Mcount_TIMER_cy<5>
    SLICE_X45Y64.CIN     net (fanout=1)        0.000   Mcount_TIMER_cy<5>
    SLICE_X45Y64.COUT    Tbyp                  0.118   TIMER<6>
                                                       Mcount_TIMER_cy<6>
                                                       Mcount_TIMER_cy<7>
    SLICE_X45Y65.CIN     net (fanout=1)        0.000   Mcount_TIMER_cy<7>
    SLICE_X45Y65.COUT    Tbyp                  0.118   TIMER<8>
                                                       Mcount_TIMER_cy<8>
                                                       Mcount_TIMER_cy<9>
    SLICE_X45Y66.CIN     net (fanout=1)        0.000   Mcount_TIMER_cy<9>
    SLICE_X45Y66.COUT    Tbyp                  0.118   TIMER<10>
                                                       Mcount_TIMER_cy<10>
                                                       Mcount_TIMER_cy<11>
    SLICE_X45Y67.CIN     net (fanout=1)        0.000   Mcount_TIMER_cy<11>
    SLICE_X45Y67.COUT    Tbyp                  0.118   TIMER<12>
                                                       Mcount_TIMER_cy<12>
                                                       Mcount_TIMER_cy<13>
    SLICE_X45Y68.CIN     net (fanout=1)        0.000   Mcount_TIMER_cy<13>
    SLICE_X45Y68.COUT    Tbyp                  0.118   TIMER<14>
                                                       Mcount_TIMER_cy<14>
                                                       Mcount_TIMER_cy<15>
    SLICE_X45Y69.CIN     net (fanout=1)        0.000   Mcount_TIMER_cy<15>
    SLICE_X45Y69.COUT    Tbyp                  0.118   TIMER<16>
                                                       Mcount_TIMER_cy<16>
                                                       Mcount_TIMER_cy<17>
    SLICE_X45Y70.CIN     net (fanout=1)        0.000   Mcount_TIMER_cy<17>
    SLICE_X45Y70.COUT    Tbyp                  0.118   TIMER<18>
                                                       Mcount_TIMER_cy<18>
                                                       Mcount_TIMER_cy<19>
    SLICE_X45Y71.CIN     net (fanout=1)        0.000   Mcount_TIMER_cy<19>
    SLICE_X45Y71.COUT    Tbyp                  0.118   TIMER<20>
                                                       Mcount_TIMER_cy<20>
                                                       Mcount_TIMER_cy<21>
    SLICE_X45Y72.CIN     net (fanout=1)        0.000   Mcount_TIMER_cy<21>
    SLICE_X45Y72.COUT    Tbyp                  0.118   TIMER<22>
                                                       Mcount_TIMER_cy<22>
                                                       Mcount_TIMER_cy<23>
    SLICE_X45Y73.CIN     net (fanout=1)        0.000   Mcount_TIMER_cy<23>
    SLICE_X45Y73.COUT    Tbyp                  0.118   TIMER<24>
                                                       Mcount_TIMER_cy<24>
                                                       Mcount_TIMER_cy<25>
    SLICE_X45Y74.CIN     net (fanout=1)        0.000   Mcount_TIMER_cy<25>
    SLICE_X45Y74.CLK     Tcinck                1.002   TIMER<26>
                                                       Mcount_TIMER_cy<26>
                                                       Mcount_TIMER_xor<27>
                                                       TIMER_27
    -------------------------------------------------  ---------------------------
    Total                                      4.720ns (4.171ns logic, 0.549ns route)
                                                       (88.4% logic, 11.6% route)

--------------------------------------------------------------------------------
Slack (setup path):     15.398ns (requirement - (data path - clock path skew + uncertainty))
  Source:               TIMER_2 (FF)
  Destination:          TIMER_27 (FF)
  Requirement:          20.000ns
  Data Path Delay:      4.602ns (Levels of Logic = 13)
  Clock Path Skew:      0.000ns
  Source Clock:         CLK_50MHz_BUFGP rising at 0.000ns
  Destination Clock:    CLK_50MHz_BUFGP rising at 20.000ns
  Clock Uncertainty:    0.000ns

  Maximum Data Path: TIMER_2 to TIMER_27
    Location             Delay type         Delay(ns)  Physical Resource
                                                       Logical Resource(s)
    -------------------------------------------------  -------------------
    SLICE_X45Y62.XQ      Tcko                  0.591   TIMER<2>
                                                       TIMER_2
    SLICE_X45Y62.F1      net (fanout=2)        0.549   TIMER<2>
    SLICE_X45Y62.COUT    Topcyf                1.162   TIMER<2>
                                                       Mcount_TIMER_lut<2>_INV_0
                                                       Mcount_TIMER_cy<2>
                                                       Mcount_TIMER_cy<3>
    SLICE_X45Y63.CIN     net (fanout=1)        0.000   Mcount_TIMER_cy<3>
    SLICE_X45Y63.COUT    Tbyp                  0.118   TIMER<4>
                                                       Mcount_TIMER_cy<4>
                                                       Mcount_TIMER_cy<5>
    SLICE_X45Y64.CIN     net (fanout=1)        0.000   Mcount_TIMER_cy<5>
    SLICE_X45Y64.COUT    Tbyp                  0.118   TIMER<6>
                                                       Mcount_TIMER_cy<6>
                                                       Mcount_TIMER_cy<7>
    SLICE_X45Y65.CIN     net (fanout=1)        0.000   Mcount_TIMER_cy<7>
    SLICE_X45Y65.COUT    Tbyp                  0.118   TIMER<8>
                                                       Mcount_TIMER_cy<8>
                                                       Mcount_TIMER_cy<9>
    SLICE_X45Y66.CIN     net (fanout=1)        0.000   Mcount_TIMER_cy<9>
    SLICE_X45Y66.COUT    Tbyp                  0.118   TIMER<10>
                                                       Mcount_TIMER_cy<10>
                                                       Mcount_TIMER_cy<11>
    SLICE_X45Y67.CIN     net (fanout=1)        0.000   Mcount_TIMER_cy<11>
    SLICE_X45Y67.COUT    Tbyp                  0.118   TIMER<12>
                                                       Mcount_TIMER_cy<12>
                                                       Mcount_TIMER_cy<13>
    SLICE_X45Y68.CIN     net (fanout=1)        0.000   Mcount_TIMER_cy<13>
    SLICE_X45Y68.COUT    Tbyp                  0.118   TIMER<14>
                                                       Mcount_TIMER_cy<14>
                                                       Mcount_TIMER_cy<15>
    SLICE_X45Y69.CIN     net (fanout=1)        0.000   Mcount_TIMER_cy<15>
    SLICE_X45Y69.COUT    Tbyp                  0.118   TIMER<16>
                                                       Mcount_TIMER_cy<16>
                                                       Mcount_TIMER_cy<17>
    SLICE_X45Y70.CIN     net (fanout=1)        0.000   Mcount_TIMER_cy<17>
    SLICE_X45Y70.COUT    Tbyp                  0.118   TIMER<18>
                                                       Mcount_TIMER_cy<18>
                                                       Mcount_TIMER_cy<19>
    SLICE_X45Y71.CIN     net (fanout=1)        0.000   Mcount_TIMER_cy<19>
    SLICE_X45Y71.COUT    Tbyp                  0.118   TIMER<20>
                                                       Mcount_TIMER_cy<20>
                                                       Mcount_TIMER_cy<21>
    SLICE_X45Y72.CIN     net (fanout=1)        0.000   Mcount_TIMER_cy<21>
    SLICE_X45Y72.COUT    Tbyp                  0.118   TIMER<22>
                                                       Mcount_TIMER_cy<22>
                                                       Mcount_TIMER_cy<23>
    SLICE_X45Y73.CIN     net (fanout=1)        0.000   Mcount_TIMER_cy<23>
    SLICE_X45Y73.COUT    Tbyp                  0.118   TIMER<24>
                                                       Mcount_TIMER_cy<24>
                                                       Mcount_TIMER_cy<25>
    SLICE_X45Y74.CIN     net (fanout=1)        0.000   Mcount_TIMER_cy<25>
    SLICE_X45Y74.CLK     Tcinck                1.002   TIMER<26>
                                                       Mcount_TIMER_cy<26>
                                                       Mcount_TIMER_xor<27>
                                                       TIMER_27
    -------------------------------------------------  ---------------------------
    Total                                      4.602ns (4.053ns logic, 0.549ns route)
                                                       (88.1% logic, 11.9% route)

--------------------------------------------------------------------------------
Slack (setup path):     15.557ns (requirement - (data path - clock path skew + uncertainty))
  Source:               TIMER_4 (FF)
  Destination:          TIMER_27 (FF)
  Requirement:          20.000ns
  Data Path Delay:      4.443ns (Levels of Logic = 12)
  Clock Path Skew:      0.000ns
  Source Clock:         CLK_50MHz_BUFGP rising at 0.000ns
  Destination Clock:    CLK_50MHz_BUFGP rising at 20.000ns
  Clock Uncertainty:    0.000ns

  Maximum Data Path: TIMER_4 to TIMER_27
    Location             Delay type         Delay(ns)  Physical Resource
                                                       Logical Resource(s)
    -------------------------------------------------  -------------------
    SLICE_X45Y63.XQ      Tcko                  0.591   TIMER<4>
                                                       TIMER_4
    SLICE_X45Y63.F2      net (fanout=2)        0.508   TIMER<4>
    SLICE_X45Y63.COUT    Topcyf                1.162   TIMER<4>
                                                       Mcount_TIMER_lut<4>_INV_0
                                                       Mcount_TIMER_cy<4>
                                                       Mcount_TIMER_cy<5>
    SLICE_X45Y64.CIN     net (fanout=1)        0.000   Mcount_TIMER_cy<5>
    SLICE_X45Y64.COUT    Tbyp                  0.118   TIMER<6>
                                                       Mcount_TIMER_cy<6>
                                                       Mcount_TIMER_cy<7>
    SLICE_X45Y65.CIN     net (fanout=1)        0.000   Mcount_TIMER_cy<7>
    SLICE_X45Y65.COUT    Tbyp                  0.118   TIMER<8>
                                                       Mcount_TIMER_cy<8>
                                                       Mcount_TIMER_cy<9>
    SLICE_X45Y66.CIN     net (fanout=1)        0.000   Mcount_TIMER_cy<9>
    SLICE_X45Y66.COUT    Tbyp                  0.118   TIMER<10>
                                                       Mcount_TIMER_cy<10>
                                                       Mcount_TIMER_cy<11>
    SLICE_X45Y67.CIN     net (fanout=1)        0.000   Mcount_TIMER_cy<11>
    SLICE_X45Y67.COUT    Tbyp                  0.118   TIMER<12>
                                                       Mcount_TIMER_cy<12>
                                                       Mcount_TIMER_cy<13>
    SLICE_X45Y68.CIN     net (fanout=1)        0.000   Mcount_TIMER_cy<13>
    SLICE_X45Y68.COUT    Tbyp                  0.118   TIMER<14>
                                                       Mcount_TIMER_cy<14>
                                                       Mcount_TIMER_cy<15>
    SLICE_X45Y69.CIN     net (fanout=1)        0.000   Mcount_TIMER_cy<15>
    SLICE_X45Y69.COUT    Tbyp                  0.118   TIMER<16>
                                                       Mcount_TIMER_cy<16>
                                                       Mcount_TIMER_cy<17>
    SLICE_X45Y70.CIN     net (fanout=1)        0.000   Mcount_TIMER_cy<17>
    SLICE_X45Y70.COUT    Tbyp                  0.118   TIMER<18>
                                                       Mcount_TIMER_cy<18>
                                                       Mcount_TIMER_cy<19>
    SLICE_X45Y71.CIN     net (fanout=1)        0.000   Mcount_TIMER_cy<19>
    SLICE_X45Y71.COUT    Tbyp                  0.118   TIMER<20>
                                                       Mcount_TIMER_cy<20>
                                                       Mcount_TIMER_cy<21>
    SLICE_X45Y72.CIN     net (fanout=1)        0.000   Mcount_TIMER_cy<21>
    SLICE_X45Y72.COUT    Tbyp                  0.118   TIMER<22>
                                                       Mcount_TIMER_cy<22>
                                                       Mcount_TIMER_cy<23>
    SLICE_X45Y73.CIN     net (fanout=1)        0.000   Mcount_TIMER_cy<23>
    SLICE_X45Y73.COUT    Tbyp                  0.118   TIMER<24>
                                                       Mcount_TIMER_cy<24>
                                                       Mcount_TIMER_cy<25>
    SLICE_X45Y74.CIN     net (fanout=1)        0.000   Mcount_TIMER_cy<25>
    SLICE_X45Y74.CLK     Tcinck                1.002   TIMER<26>
                                                       Mcount_TIMER_cy<26>
                                                       Mcount_TIMER_xor<27>
                                                       TIMER_27
    -------------------------------------------------  ---------------------------
    Total                                      4.443ns (3.935ns logic, 0.508ns route)
                                                       (88.6% logic, 11.4% route)

--------------------------------------------------------------------------------

Hold Paths: NET "CLK_50MHz_BUFGP/IBUFG" PERIOD = 20 ns HIGH 40%;
--------------------------------------------------------------------------------

Paths for end point reloj (SLICE_X41Y70.BY), 1 path
--------------------------------------------------------------------------------
Slack (hold path):      1.033ns (requirement - (clock path skew + uncertainty - data path))
  Source:               reloj (FF)
  Destination:          reloj (FF)
  Requirement:          0.000ns
  Data Path Delay:      1.033ns (Levels of Logic = 0)
  Clock Path Skew:      0.000ns
  Source Clock:         CLK_50MHz_BUFGP rising at 20.000ns
  Destination Clock:    CLK_50MHz_BUFGP rising at 20.000ns
  Clock Uncertainty:    0.000ns

  Minimum Data Path: reloj to reloj
    Location             Delay type         Delay(ns)  Physical Resource
                                                       Logical Resource(s)
    -------------------------------------------------  -------------------
    SLICE_X41Y70.YQ      Tcko                  0.470   reloj
                                                       reloj
    SLICE_X41Y70.BY      net (fanout=7)        0.428   reloj
    SLICE_X41Y70.CLK     Tckdi       (-Th)    -0.135   reloj
                                                       reloj
    -------------------------------------------------  ---------------------------
    Total                                      1.033ns (0.605ns logic, 0.428ns route)
                                                       (58.6% logic, 41.4% route)

--------------------------------------------------------------------------------

Paths for end point TIMER_12 (SLICE_X45Y67.F4), 1 path
--------------------------------------------------------------------------------
Slack (hold path):      1.607ns (requirement - (clock path skew + uncertainty - data path))
  Source:               TIMER_12 (FF)
  Destination:          TIMER_12 (FF)
  Requirement:          0.000ns
  Data Path Delay:      1.607ns (Levels of Logic = 1)
  Clock Path Skew:      0.000ns
  Source Clock:         CLK_50MHz_BUFGP rising at 20.000ns
  Destination Clock:    CLK_50MHz_BUFGP rising at 20.000ns
  Clock Uncertainty:    0.000ns

  Minimum Data Path: TIMER_12 to TIMER_12
    Location             Delay type         Delay(ns)  Physical Resource
                                                       Logical Resource(s)
    -------------------------------------------------  -------------------
    SLICE_X45Y67.XQ      Tcko                  0.473   TIMER<12>
                                                       TIMER_12
    SLICE_X45Y67.F4      net (fanout=2)        0.333   TIMER<12>
    SLICE_X45Y67.CLK     Tckf        (-Th)    -0.801   TIMER<12>
                                                       Mcount_TIMER_lut<12>_INV_0
                                                       Mcount_TIMER_xor<12>
                                                       TIMER_12
    -------------------------------------------------  ---------------------------
    Total                                      1.607ns (1.274ns logic, 0.333ns route)
                                                       (79.3% logic, 20.7% route)

--------------------------------------------------------------------------------

Paths for end point TIMER_28 (SLICE_X45Y75.F4), 1 path
--------------------------------------------------------------------------------
Slack (hold path):      1.607ns (requirement - (clock path skew + uncertainty - data path))
  Source:               TIMER_28 (FF)
  Destination:          TIMER_28 (FF)
  Requirement:          0.000ns
  Data Path Delay:      1.607ns (Levels of Logic = 1)
  Clock Path Skew:      0.000ns
  Source Clock:         CLK_50MHz_BUFGP rising at 20.000ns
  Destination Clock:    CLK_50MHz_BUFGP rising at 20.000ns
  Clock Uncertainty:    0.000ns

  Minimum Data Path: TIMER_28 to TIMER_28
    Location             Delay type         Delay(ns)  Physical Resource
                                                       Logical Resource(s)
    -------------------------------------------------  -------------------
    SLICE_X45Y75.XQ      Tcko                  0.473   TIMER<28>
                                                       TIMER_28
    SLICE_X45Y75.F4      net (fanout=2)        0.333   TIMER<28>
    SLICE_X45Y75.CLK     Tckf        (-Th)    -0.801   TIMER<28>
                                                       Mcount_TIMER_lut<28>_INV_0
                                                       Mcount_TIMER_xor<28>
                                                       TIMER_28
    -------------------------------------------------  ---------------------------
    Total                                      1.607ns (1.274ns logic, 0.333ns route)
                                                       (79.3% logic, 20.7% route)

--------------------------------------------------------------------------------

Component Switching Limit Checks: NET "CLK_50MHz_BUFGP/IBUFG" PERIOD = 20 ns HIGH 40%;
--------------------------------------------------------------------------------
Slack: 18.005ns (period - (min high pulse limit / (high pulse / period)))
  Period: 20.000ns
  High pulse: 8.000ns
  High pulse limit: 0.798ns (Tch)
  Physical resource: TIMER<0>/CLK
  Logical resource: TIMER_0/CK
  Location pin: SLICE_X45Y61.CLK
  Clock network: CLK_50MHz_BUFGP
--------------------------------------------------------------------------------
Slack: 18.005ns (period - (min high pulse limit / (high pulse / period)))
  Period: 20.000ns
  High pulse: 8.000ns
  High pulse limit: 0.798ns (Tch)
  Physical resource: TIMER<0>/CLK
  Logical resource: TIMER_1/CK
  Location pin: SLICE_X45Y61.CLK
  Clock network: CLK_50MHz_BUFGP
--------------------------------------------------------------------------------
Slack: 18.005ns (period - (min high pulse limit / (high pulse / period)))
  Period: 20.000ns
  High pulse: 8.000ns
  High pulse limit: 0.798ns (Tch)
  Physical resource: TIMER<2>/CLK
  Logical resource: TIMER_2/CK
  Location pin: SLICE_X45Y62.CLK
  Clock network: CLK_50MHz_BUFGP
--------------------------------------------------------------------------------


All constraints were met.


Data Sheet report:
-----------------
All values displayed in nanoseconds (ns)

Clock to Setup on destination clock CLK_50MHz
---------------+---------+---------+---------+---------+
               | Src:Rise| Src:Fall| Src:Rise| Src:Fall|
Source Clock   |Dest:Rise|Dest:Rise|Dest:Fall|Dest:Fall|
---------------+---------+---------+---------+---------+
CLK_50MHz      |    4.956|         |         |         |
---------------+---------+---------+---------+---------+


Timing summary:
---------------

Timing errors: 0  Score: 0  (Setup/Max: 0, Hold: 0)

Constraints cover 561 paths, 0 nets, and 102 connections

Design statistics:
   Minimum period:   4.956ns{1}   (Maximum frequency: 201.776MHz)


------------------------------------Footnotes-----------------------------------
1)  The minimum period statistic assumes all single cycle delays.

Analysis completed Wed Dec 01 00:30:33 2021 
--------------------------------------------------------------------------------

Trace Settings:
-------------------------
Trace Settings 

Peak Memory Usage: 114 MB



