V3 3
FL C:/Xilinx/Proyectos/ProyectoTD1/Prueba4/control_matriz.vhd 2021/11/23.10:20:58 M.81d
EN work/control_matriz 1637673666 \
      FL C:/Xilinx/Proyectos/ProyectoTD1/Prueba4/control_matriz.vhd \
      PB ieee/std_logic_1164 1290154108 PB ieee/STD_LOGIC_UNSIGNED 1290154110
AR work/control_matriz/Behavioral 1637673667 \
      FL C:/Xilinx/Proyectos/ProyectoTD1/Prueba4/control_matriz.vhd \
      EN work/control_matriz 1637673666
